// Jest Snapshot v1, https://goo.gl/fbAQLP

exports[`how currentRates Page component works renders the component without crash and takes snapshot 1`] = `[Function]`;
